RF ./tests_syscalls_open.c
RX /etc/ld.so.preload
RF /etc/ld.so.cache
RF /etc/ld.so.cache
RF /lib/x86_64-linux-gnu/libc.so.6
RF /tmp

